// Jest Snapshot v1, https://goo.gl/fbAQLP

exports[`bookSections 1`] = `
[
  {
    "hasFlashcards": false,
    "id": "0",
    "text": "#book/review",
    "wasIdPresent": false,
  },
  Heading {
    "children": [],
    "counts": {
      "with": 0,
      "without": 2,
    },
    "id": "1",
    "level": 1,
    "name": "Header 1",
  },
  {
    "hasFlashcards": false,
    "highlight": "Onen i estel Edain, u-chebin estel anim.
This is another line.",
    "id": "93812",
    "note": "",
    "type": "notes",
  },
  Heading {
    "children": [],
    "counts": {
      "with": 0,
      "without": 1,
    },
    "id": "2",
    "level": 2,
    "name": "SubHeader 1",
  },
  {
    "hasFlashcards": false,
    "highlight": "Onen i estel Edain, u-chebin estel anim.",
    "id": "93813",
    "note": "What a beautiful line by Tolkien",
    "type": "notes",
  },
  Heading {
    "children": [],
    "counts": {
      "with": 0,
      "without": 1,
    },
    "id": "3",
    "level": 1,
    "name": "Header 2",
  },
  {
    "hasFlashcards": false,
    "highlight": "Onen i estel Edain, u-chebin estel anim.",
    "id": "93814",
    "note": "What a beautiful line by Tolkien
This is another line.",
    "type": "notes",
  },
  Heading {
    "children": [],
    "counts": {
      "with": 0,
      "without": 1,
    },
    "id": "4",
    "level": 1,
    "name": "Last header",
  },
  {
    "hasFlashcards": false,
    "highlight": "Onen i estel Edain, u-chebin estel anim.
This is another line.",
    "id": "93815",
    "note": "What a beautiful line by Tolkien",
    "type": "notes",
  },
]
`;
