// Jest Snapshot v1, https://goo.gl/fbAQLP

exports[`bookSections 1`] = `
[
  HeadingImpl {
    "display": "Header 1",
    "heading": "Header 1",
    "id": "-g4c-q2S",
    "level": 1,
    "position": {
      "end": {
        "col": 10,
        "line": 10,
        "offset": 102,
      },
      "start": {
        "col": 0,
        "line": 10,
        "offset": 92,
      },
    },
  },
  {
    "highlight": "> Onen i estel Edain, u-chebin estel anim.
> This is another line.",
    "id": 93813,
    "note": ">",
    "type": "notes",
  },
  HeadingImpl {
    "display": "SubHeader 1",
    "heading": "SubHeader 1",
    "id": "xHev-sAx",
    "level": 2,
    "position": {
      "end": {
        "col": 14,
        "line": 18,
        "offset": 212,
      },
      "start": {
        "col": 0,
        "line": 18,
        "offset": 198,
      },
    },
  },
  {
    "highlight": "> Onen i estel Edain, u-chebin estel anim.",
    "id": 93813,
    "note": "> What a beautiful line by Tolkien",
    "type": "notes",
  },
  HeadingImpl {
    "display": "Header 2",
    "heading": "Header 2",
    "id": "eLy47ZoN",
    "level": 1,
    "position": {
      "end": {
        "col": 10,
        "line": 25,
        "offset": 326,
      },
      "start": {
        "col": 0,
        "line": 25,
        "offset": 316,
      },
    },
  },
  {
    "highlight": "> Onen i estel Edain, u-chebin estel anim.",
    "id": 93813,
    "note": "> What a beautiful line by Tolkien
> This is another line.",
    "type": "notes",
  },
  HeadingImpl {
    "display": "Last header",
    "heading": "Last header",
    "id": "WVcwnuIQ",
    "level": 1,
    "position": {
      "end": {
        "col": 13,
        "line": 33,
        "offset": 467,
      },
      "start": {
        "col": 0,
        "line": 33,
        "offset": 454,
      },
    },
  },
  {
    "highlight": "> Onen i estel Edain, u-chebin estel anim.
> This is another line.",
    "id": 93813,
    "note": "> What a beautiful line by Tolkien",
    "type": "notes",
  },
]
`;
