// Jest Snapshot v1, https://goo.gl/fbAQLP

exports[`getParagraphFromFile 1`] = `
[
  Heading {
    "children": [],
    "counts": {
      "with": 0,
      "without": 0,
    },
    "id": "deterministic-id",
    "level": 1,
    "name": "Chapter 3: Pulling the rabbit out of the hat",
    "type": "heading",
  },
  Heading {
    "children": [],
    "counts": {
      "with": 0,
      "without": 0,
    },
    "id": "deterministic-id",
    "level": 2,
    "name": "Relating study and test",
    "type": "heading",
  },
  {
    "hasFlashcards": false,
    "id": "hjhjhlkap",
    "text": "What is episodic memory?
NO one knows ^hjhjhlkap",
    "type": "paragraph",
    "wasIdPresent": true,
  },
]
`;

exports[`getParagraphFromFile 2`] = `
[
  Heading {
    "children": [],
    "counts": {
      "with": 0,
      "without": 0,
    },
    "id": "deterministic-id",
    "level": 1,
    "name": "Chapter 3: Pulling the rabbit out of the hat",
    "type": "heading",
  },
  Heading {
    "children": [],
    "counts": {
      "with": 0,
      "without": 0,
    },
    "id": "deterministic-id",
    "level": 2,
    "name": "Relating study and test",
    "type": "heading",
  },
  {
    "hasFlashcards": false,
    "id": "hjhjhlkap",
    "text": "What is episodic memory?
NO one knows ^hjhjhlkap",
    "type": "paragraph",
    "wasIdPresent": true,
  },
]
`;
